LRU cache unit test
Testing large cache...
Testing insert with const key, const val...
all good